// Vitest Snapshot v1, https://vitest.dev/guide/snapshot.html

exports[`renders main page 1`] = `
<div>
  <div>
    <a
      href="https://vitejs.dev"
      rel="noreferrer"
      target="_blank"
    >
      <img
        alt="Vite logo"
        class="logo"
        src="/public/vite.svg"
      />
    </a>
    <a
      href="https://react.dev"
      rel="noreferrer"
      target="_blank"
    >
      <img
        alt="React logo"
        class="logo react"
        src="/src/assets/react.svg"
      />
    </a>
  </div>
  <h1>
    React + Vite
  </h1>
  <div
    class="card"
  >
    <button
      type="button"
    >
      count 
      0
    </button>
    <p>
      Edit 
      <code>
        src/App.tsx
      </code>
       and save to test HMR
    </p>
  </div>
  <p
    class="read-the-docs"
  >
    Click on the Vite and React logos to learn more
  </p>
</div>
`;
